[israelnarbi.github.io/Belykweb-Solutions/index.html]
[backblue.gif]
[fade.gif]
[index.html]
[stackpath.bootstrapcdn.com/bootstrap/4.5.2/css/bootstrap.min.css]
[cdnjs.cloudflare.com/ajax/libs/font-awesome/5.15.3/css/all.min.css]
[israelnarbi.github.io/Belykweb-Solutions/2.jpg]
[israelnarbi.github.io/Belykweb-Solutions/LOGO.png]
[israelnarbi.github.io/Belykweb-Solutions/my image.jpg]
[israelnarbi.github.io/Belykweb-Solutions/services/graphic.jpg]
[israelnarbi.github.io/Belykweb-Solutions/services/webdev.jpg]
[israelnarbi.github.io/Belykweb-Solutions/services/digital-marketing.avif]
[israelnarbi.github.io/Belykweb-Solutions/services/gn-printing.jpg]
[israelnarbi.github.io/Belykweb-Solutions/services/Google-Business-Profile.png]
[israelnarbi.github.io/Belykweb-Solutions/services/IT-Training.jpg]
[israelnarbi.github.io/Belykweb-Solutions/projects/Bisbec.jpg]
[israelnarbi.github.io/Belykweb-Solutions/projects/access.jpg]
[israelnarbi.github.io/Belykweb-Solutions/projects/kasa logo.png]
[israelnarbi.github.io/Belykweb-Solutions/projects/njc.jpg]
[israelnarbi.github.io/Belykweb-Solutions/projects/piwc.jpg]
[israelnarbi.github.io/Belykweb-Solutions/projects/ps-ahuakese-img.jpg]
[israelnarbi.github.io/Belykweb-Solutions/projects/richway.jpg]
[israelnarbi.github.io/Belykweb-Solutions/projects/Hrms.jpeg.jpg]
[israelnarbi.github.io/Belykweb-Solutions/projects/CACI.jpg]
[israelnarbi.github.io/Belykweb-Solutions/projects/yaven.jpg]
[israelnarbi.github.io/Belykweb-Solutions/projects/Kings architecture.png]
[israelnarbi.github.io/Belykweb-Solutions/projects/HIWC.jpg]
[cdn.jsdelivr.net/npm/chart.js]
[israelnarbi.github.io/Belykweb-Solutions/Node.js]
[israelnarbi.github.io/Belykweb-Solutions/Next.js]
[code.jquery.com/jquery-3.5.1.slim.min.js]
[cdn.jsdelivr.net/npm/@popperjs/core@2.9.3/dist/umd/popper.min.js]
[israelnarbi.github.io/Belykweb-Solutions/index.html]
[stackpath.bootstrapcdn.com/bootstrap/4.5.2/css/bootstrap.min.css]
[cdnjs.cloudflare.com/ajax/libs/font-awesome/5.15.3/css/all.min.css]
[israelnarbi.github.io/Belykweb-Solutions/Node.html]
[israelnarbi.github.io/Belykweb-Solutions/Next.html]
[stackpath.bootstrapcdn.com/bootstrap/4.5.2/js/bootstrap.min.js]
